==== 06_snf_clustering started: 2026-08-11 23:40:17.981299 ====
Pipeline seed: 20240601 
Using 7 cores for parallelized steps in this script.
align_samples(): 1095 common samples across {expr, tf, meta}
Feature-space dimensionality by view -- expression: 2000 genes; TF activity: 263 TFs. (Reported explicitly since the two views are asymmetric in dimensionality; SNF fuses PER-VIEW
 sample-similarity graphs, so this does not directly bias fusion the way
 naive feature concatenation would, but is disclosed for transparency.)
Expression view: 1095 2000   TF-activity view: 1095 263 

Eigengap table:
# A tibble: 6 × 3
      k eigenvalue_k eigengap_after_k
  <int>        <dbl>            <dbl>
1     1    1.000e-10          0.0927 
2     2    9.27 e- 2          0.0257 
3     3    1.18 e- 1          0.0733 
4     4    1.92 e- 1          0.00806
5     5    2.00 e- 1          0.0222 
6     6    2.22 e- 1          0.0287 

Network silhouette by k (graph-distance proxy, NOT feature-space silhouette):
# A tibble: 5 × 2
      k network_silhouette
  <int>              <dbl>
1     2           0.000637
2     3           0.000811
3     4           0.000895
4     5           0.000969
5     6           0.00104 

Running FULL-PIPELINE, subsampling-based consensus PAC (parallelized, 7 cores) -- may take a while.

Consensus PAC by k (subsampling-based; LOWER = more stable):
# A tibble: 5 × 2
      k consensus_PAC
  <int>         <dbl>
1     2        0.0731
2     3        0.0881
3     4        0.317 
4     5        0.165 
5     6        0.125 

Full k-selection metrics table:
# A tibble: 5 × 5
      k eigenvalue_k eigengap_after_k network_silhouette consensus_PAC
  <int>        <dbl>            <dbl>              <dbl>         <dbl>
1     2       0.0927          0.0257            0.000637        0.0731
2     3       0.118           0.0733            0.000811        0.0881
3     4       0.192           0.00806           0.000895        0.317 
4     5       0.200           0.0222            0.000969        0.165 
5     6       0.222           0.0287            0.00104         0.125 

Running SNF hyperparameter sensitivity sweep (K x sigma), parallelized...

Hyperparameter sensitivity (ARI vs. base K=20, sigma=0.5 clustering):
# A tibble: 9 × 4
  K_param sigma_param ari_k2 ari_k3
    <dbl>       <dbl>  <dbl>  <dbl>
1      10         0.3  0.898  0.864
2      20         0.3  0.928  0.881
3      30         0.3  0.935  0.883
4      10         0.5  0.954  0.920
5      20         0.5  1      1    
6      30         0.5  0.962  0.967
7      10         0.8  0.954  0.889
8      20         0.8  0.969  0.967
9      30         0.8  0.950  0.964

k=2 cluster sizes:

SNF_C1 SNF_C2 
   810    285 

k=3 cluster sizes:

SNF_C1 SNF_C2 SNF_C3 
   446    374    275 

ARI between k=2 and k=3 solutions: 0.445 


Cluster-vs-technical-batch association:
# A tibble: 4 × 5
      k batch_variable  test                       p_value       FDR
  <dbl> <chr>           <chr>                        <dbl>     <dbl>
1     2 possible_center insufficient data        NA        NA       
2     3 possible_center insufficient data        NA        NA       
3     2 possible_plate  Fisher exact (simulated)  0.279     0.279   
4     3 possible_plate  Fisher exact (simulated)  0.000500  0.001000

Top residual category for k=3, possible_plate: 'A00Z' (std. residual = 5)


=== Automated batch-driver sensitivity check ===
# A tibble: 1 × 8
      k batch_variable top_category std_residual n_excluded n_remaining ari_original_vs_excluded interpretation                                                                
  <dbl> <chr>          <chr>               <dbl>      <int>       <int>                    <dbl> <chr>                                                                         
1     3 possible_plate A00Z                 5.00         90        1005                    0.979 High ARI: cluster structure reproduced without this category -- ASSOCIATED bu…

Heatmap color scale capped at 99th percentile of off-diagonal values: 0.00918 

✓ 06_snf_clustering.R complete. Both k=2 and k=3 solutions saved; batch association and driver-sensitivity checks complete.
==== 06_snf_clustering finished: 2026-08-12 06:18:01.714222 ====
