==== 07_benchmark_models started: 2026-08-14 01:37:25.597331 ====
Pipeline seed: 20240601 
Using 6 cores.
BLAS check: 1000 x 1000 matmul in 6.61 s (0.3 GFLOPS) -- REFERENCE BLAS (unoptimised); an optimised BLAS would cut SNF time by 20-50x
[memory startup] R is holding ~1315 MB
TF-activity grid loaded: 29 views -- dorothea_AC__viper, dorothea_AB__viper, collectri__viper, dorothea_AC_edgeperm__viper, dorothea_AB_edgeperm__viper, collectri_edgeperm__viper, dorothea_AC__ulm, dorothea_AB__ulm, collectri__ulm, dorothea_AC_edgeperm__ulm, dorothea_AB_edgeperm__ulm, collectri_edgeperm__ulm, dorothea_AC__mlm, dorothea_AB__mlm, dorothea_AC_edgeperm__mlm, dorothea_AB_edgeperm__mlm, collectri_edgeperm__mlm, dorothea_AC__norm_wsum, dorothea_AB__norm_wsum, collectri__norm_wsum, dorothea_AC_edgeperm__norm_wsum, dorothea_AB_edgeperm__norm_wsum, collectri_edgeperm__norm_wsum, dorothea_AC__consensus, dorothea_AB__consensus, collectri__consensus, dorothea_AC_edgeperm__consensus, dorothea_AB_edgeperm__consensus, collectri_edgeperm__consensus 
Canonical sample set common to expression, metadata and ALL grid views: 1095 

Building distance cache (once) ...
[cache check expression ] max |direct - cached| = 0  -- PASS
[cache check dorothea_AC__viper ] max |direct - cached| = 0  -- PASS
[cache check dorothea_AB__viper ] max |direct - cached| = 0  -- PASS
[cache check collectri__viper ] max |direct - cached| = 0  -- PASS
[cache check dorothea_AC_edgeperm__viper ] max |direct - cached| = 0  -- PASS
[cache check dorothea_AB_edgeperm__viper ] max |direct - cached| = 0  -- PASS
[cache check collectri_edgeperm__viper ] max |direct - cached| = 0  -- PASS
[cache check dorothea_AC__ulm ] max |direct - cached| = 0  -- PASS
[cache check dorothea_AB__ulm ] max |direct - cached| = 0  -- PASS
[cache check collectri__ulm ] max |direct - cached| = 0  -- PASS
[cache check dorothea_AC_edgeperm__ulm ] max |direct - cached| = 0  -- PASS
[cache check dorothea_AB_edgeperm__ulm ] max |direct - cached| = 0  -- PASS
[cache check collectri_edgeperm__ulm ] max |direct - cached| = 0  -- PASS
[cache check dorothea_AC__mlm ] max |direct - cached| = 0  -- PASS
[cache check dorothea_AB__mlm ] max |direct - cached| = 0  -- PASS
[cache check dorothea_AC_edgeperm__mlm ] max |direct - cached| = 0  -- PASS
[cache check dorothea_AB_edgeperm__mlm ] max |direct - cached| = 0  -- PASS
[cache check collectri_edgeperm__mlm ] max |direct - cached| = 0  -- PASS
[cache check dorothea_AC__norm_wsum ] max |direct - cached| = 0  -- PASS
[cache check dorothea_AB__norm_wsum ] max |direct - cached| = 0  -- PASS
[cache check collectri__norm_wsum ] max |direct - cached| = 0  -- PASS
[cache check dorothea_AC_edgeperm__norm_wsum ] max |direct - cached| = 0  -- PASS
[cache check dorothea_AB_edgeperm__norm_wsum ] max |direct - cached| = 0  -- PASS
[cache check collectri_edgeperm__norm_wsum ] max |direct - cached| = 0  -- PASS
[cache check dorothea_AC__consensus ] max |direct - cached| = 0  -- PASS
[cache check dorothea_AB__consensus ] max |direct - cached| = 0  -- PASS
[cache check collectri__consensus ] max |direct - cached| = 0  -- PASS
[cache check dorothea_AC_edgeperm__consensus ] max |direct - cached| = 0  -- PASS
[cache check dorothea_AB_edgeperm__consensus ] max |direct - cached| = 0  -- PASS
[cache check collectri_edgeperm__consensus ] max |direct - cached| = 0  -- PASS
[TIMING] Distance cache built in 1.2 minutes
Primary fused network vs stored W_fused.rds: max abs deviation = 0 
  -> exact match: the cached distance path reproduces the published network.
Samples with PAM50 available: 1083 of 1095 
Survival endpoint: N = 1068  events = 150  (14.0%)
Median follow-up (years): 2.36 

NOTE: fewer than 200 events in TCGA. Survival-based endpoints in
THIS script are underpowered and are reported as secondary and
exploratory only. The adequately powered prognostic added-value
test is 14_prognostic_added_value.R (METABRIC).
[memory after freeing unused views] R is holding ~1703 MB

================ Paired bootstrap (n_boot = 200 , scheme = bootstrap ) ================
Point estimates: all 29 views. Bootstrap CIs: 2 pre-specified view(s):
   dorothea_AC__viper
   collectri__viper 
Processed in 2 chunk(s) of up to 1 to bound worker memory.

Estimated bootstrap runtime: ~14.8 hours (200 replicates x 2 views / 6 cores).
  Reduce N_BOOT or VIEWS_FOR_BOOTSTRAP now if that does not fit.
  Do not go below N_BOOT = 200: the equivalence test reads the 5th and
  95th percentiles, and fewer replicates make those tails unstable.

  chunk 1 of 2 : dorothea_AC__viper 
  [parallel] attempting 6 workers ...
  [parallel] cluster of 6 workers verified.
  [smoke] running replicate 1 through the cluster ...
  [smoke] PASS -- endpoints returned: d_ari=0.0074  d_nmi=-0.0474  d_lrt=0.8563  d_cidx=0.0243 
    batch 1-25 done (82.7 min) | chunk 1: 25/200 replicates | est. 9.7 h left in chunk
    batch 26-50 done (97.0 min) | chunk 1: 50/200 replicates | est. 9.7 h left in chunk
    batch 51-75 done (114.8 min) | chunk 1: 75/200 replicates | est. 9.6 h left in chunk
    batch 76-100 done (103.7 min) | chunk 1: 100/200 replicates | est. 6.9 h left in chunk
    batch 101-125 done (98.5 min) | chunk 1: 125/200 replicates | est. 4.9 h left in chunk
    batch 126-150 done (79.5 min) | chunk 1: 150/200 replicates | est. 2.7 h left in chunk
    batch 151-175 done (80.6 min) | chunk 1: 175/200 replicates | est. 1.3 h left in chunk
    batch 176-200 done (83.3 min) | chunk 1: 200/200 replicates | est. 0.0 h left in chunk
    checkpoint written: bootstrap_chunk_01.rds 
    elapsed so far: 12.6 hours | est. remaining: 12.6 h
  chunk 2 of 2 : collectri__viper 
  [parallel] attempting 6 workers ...
  [parallel] cluster of 6 workers verified.
  [smoke] running replicate 1 through the cluster ...
  [smoke] PASS -- endpoints returned: d_ari=-0.0069  d_nmi=-0.0219  d_lrt=-1.3091  d_cidx=-0.0092 
    batch 1-25 done (100.4 min) | chunk 2: 25/200 replicates | est. 11.7 h left in chunk
    batch 26-50 done (91.2 min) | chunk 2: 50/200 replicates | est. 9.1 h left in chunk
    batch 51-75 done (88.1 min) | chunk 2: 75/200 replicates | est. 7.3 h left in chunk
    batch 76-100 done (100.2 min) | chunk 2: 100/200 replicates | est. 6.7 h left in chunk
    batch 101-125 done (84.2 min) | chunk 2: 125/200 replicates | est. 4.2 h left in chunk
    batch 126-150 done (88.8 min) | chunk 2: 150/200 replicates | est. 3.0 h left in chunk
    batch 151-175 done (80.5 min) | chunk 2: 175/200 replicates | est. 1.3 h left in chunk
    batch 176-200 done (81.1 min) | chunk 2: 200/200 replicates | est. 0.0 h left in chunk
    checkpoint written: bootstrap_chunk_02.rds 
    elapsed so far: 24.78 hours | est. remaining: 0.0 h
[TIMING] Bootstrap total: 24.78 hours


=== HEADLINE: added value of TF integration, ARI endpoint ===
# A tibble: 4 × 9
      k view               point_estimate ci95_lower ci95_upper p_tost_BH equivalent_after_BH superior_after_BH mdd_80pct_power
  <dbl> <chr>                       <dbl>      <dbl>      <dbl>     <dbl> <lgl>               <lgl>                       <dbl>
1     2 dorothea_AC__viper        0.0199     -0.0152     0.0612      0.07 FALSE               FALSE                      0.0969
2     2 collectri__viper          0.0164     -0.0108     0.0490      0.05 FALSE               FALSE                      0.0908
3     3 collectri__viper         -0.00739    -0.104      0.0492      0.24 FALSE               FALSE                      0.133 
4     3 dorothea_AC__viper       -0.00928    -0.108      0.0528      0.24 FALSE               FALSE                      0.136 

=== Prognostic endpoint (Cox LRT chi-square, TCGA -- exploratory) ===
# A tibble: 4 × 6
      k view               point_estimate ci95_lower ci95_upper superior_after_BH
  <dbl> <chr>                       <dbl>      <dbl>      <dbl> <lgl>            
1     2 collectri__viper            0.207      -1.83       3.50 FALSE            
2     2 dorothea_AC__viper          0.197      -3.44       4.90 FALSE            
3     3 collectri__viper           -0.445     -19.6        7.71 FALSE            
4     3 dorothea_AC__viper         -0.815     -20.3        7.29 FALSE            


=== GRID-LEVEL VERDICT ===
# A tibble: 8 × 10
  endpoint     k n_views n_superior_after_BH n_equivalent_after_BH n_inconclusive best_view          best_point_estimate max_mdd
  <chr>    <dbl>   <int>               <int>                 <int>          <int> <chr>                            <dbl>   <dbl>
1 ari          2       2                   0                     0              2 dorothea_AC__viper             0.0199   0.0969
2 ari          3       2                   0                     0              2 collectri__viper              -0.00739  0.136 
3 cindex       2       2                   0                     0              2 dorothea_AC__viper             0.0126   0.120 
4 cindex       3       2                   0                     0              2 collectri__viper               0.0126   0.112 
5 cox_lrt      2       2                   0                     2              0 collectri__viper               0.207    5.15  
6 cox_lrt      3       2                   0                     0              2 collectri__viper              -0.445   17.1   
7 nmi          2       2                   0                     1              1 collectri__viper              -0.0186   0.0730
8 nmi          3       2                   0                     0              2 collectri__viper               0.0124   0.0972
  grid_verdict                                                                 
  <chr>                                                                        
1 ALL INCONCLUSIVE -- underpowered; no claim in either direction is supportable
2 ALL INCONCLUSIVE -- underpowered; no claim in either direction is supportable
3 ALL INCONCLUSIVE -- underpowered; no claim in either direction is supportable
4 ALL INCONCLUSIVE -- underpowered; no claim in either direction is supportable
5 ALL VIEWS EQUIVALENT TO ZERO -- a positive, publishable negative result      
6 ALL INCONCLUSIVE -- underpowered; no claim in either direction is supportable
7 MIXED -- some views equivalent, others inconclusive; report per view         
8 ALL INCONCLUSIVE -- underpowered; no claim in either direction is supportable

================ Point-estimate benchmark over grid ================
[memory before point estimates] R is holding ~1743 MB
Building concatenation distances for 29 views ...
  [parallel] attempting 6 workers ...
  [parallel] cluster of 6 workers verified.
  all 29 views done
[TIMING] Point estimates: 115 minutes

Point-estimate benchmark (ARI vs PAM50), fused arm by view:
# A tibble: 60 × 6
       k view                            arm       ari_vs_PAM50 cox_lrt_chisq cindex
   <dbl> <chr>                           <chr>            <dbl>         <dbl>  <dbl>
 1     2 dorothea_AB__ulm                SNF_fused        0.439    0.000482    0.540
 2     2 dorothea_AB__viper              SNF_fused        0.438    0.00000584  0.459
 3     2 dorothea_AB__norm_wsum          SNF_fused        0.436    0.0438      0.544
 4     2 dorothea_AB_edgeperm__viper     SNF_fused        0.436    0.0105      0.540
 5     2 dorothea_AB__consensus          SNF_fused        0.435    0.00463     0.539
 6     2 dorothea_AB_edgeperm__consensus SNF_fused        0.432    0.00189     0.462
 7     2 dorothea_AB_edgeperm__ulm       SNF_fused        0.432    0.0124      0.540
 8     2 dorothea_AB_edgeperm__norm_wsum SNF_fused        0.430    0.0822      0.469
 9     2 dorothea_AB_edgeperm__mlm       SNF_fused        0.420    0.0411      0.535
10     2 dorothea_AC__consensus          SNF_fused        0.418    0.242       0.473
11     2 dorothea_AC_edgeperm__norm_wsum SNF_fused        0.417    0.177       0.478
12     2 dorothea_AC_edgeperm__ulm       SNF_fused        0.415    0.322       0.479
13     2 dorothea_AC_edgeperm__viper     SNF_fused        0.415    0.227       0.478
14     2 collectri__consensus            SNF_fused        0.412    0.0650      0.475
15     2 dorothea_AC__norm_wsum          SNF_fused        0.412    0.0500      0.544
16     2 dorothea_AC__viper              SNF_fused        0.411    0.00407     0.462
17     2 collectri__viper                SNF_fused        0.411    0.179       0.479
18     2 dorothea_AC__ulm                SNF_fused        0.410    0.164       0.549
19     2 collectri__norm_wsum            SNF_fused        0.409    0.0615      0.475
20     2 collectri__ulm                  SNF_fused        0.409    0.181       0.478
21     2 dorothea_AC_edgeperm__consensus SNF_fused        0.409    0.197       0.477
22     2 expression_only                 baseline         0.402    0.0296      0.476
23     2 dorothea_AC_edgeperm__mlm       SNF_fused        0.391    0.109       0.477
24     2 collectri_edgeperm__viper       SNF_fused        0.386    0.0832      0.475
25     2 collectri_edgeperm__ulm         SNF_fused        0.383    0.00979     0.472
26     2 collectri_edgeperm__norm_wsum   SNF_fused        0.383    0.00979     0.472
27     2 dorothea_AC__mlm                SNF_fused        0.381    0.0408      0.475
28     2 collectri_edgeperm__consensus   SNF_fused        0.380    0.00902     0.472
29     2 dorothea_AB__mlm                SNF_fused        0.380    0.0165      0.474
30     2 collectri_edgeperm__mlm         SNF_fused        0.374    0.0409      0.471
31     3 dorothea_AC_edgeperm__mlm       SNF_fused        0.341    8.88        0.584
32     3 dorothea_AB__viper              SNF_fused        0.337    3.36        0.552
33     3 dorothea_AB__norm_wsum          SNF_fused        0.334    3.62        0.554
34     3 dorothea_AC__consensus          SNF_fused        0.333    2.31        0.554
35     3 dorothea_AB__ulm                SNF_fused        0.332    2.75        0.553
36     3 dorothea_AC_edgeperm__consensus SNF_fused        0.332    1.92        0.547
37     3 collectri__viper                SNF_fused        0.332    2.41        0.550
38     3 dorothea_AC_edgeperm__viper     SNF_fused        0.330    1.12        0.531
39     3 dorothea_AB__consensus          SNF_fused        0.330    3.35        0.547
40     3 dorothea_AC_edgeperm__norm_wsum SNF_fused        0.329    2.65        0.552
# ℹ 20 more rows
# ℹ Use `print(n = ...)` to see more rows

Sample-permutation negative control:
# A tibble: 2 × 4
      k arm                     ari_vs_PAM50 cox_lrt_chisq
  <dbl> <chr>                          <dbl>         <dbl>
1     2 sample_permuted_control      0.0248       0.000839
2     3 sample_permuted_control      0.00538      1.34    


================ PRODUCED OUTPUTS ================
  PRESENT  results/objects/bootstrap_added_value_diffs.rds          24.4 KB
  PRESENT  results/tables/table_added_value_equivalence_grid.csv    6.2 KB
  PRESENT  results/tables/table_added_value_grid_verdict.csv        1.3 KB
  PRESENT  results/tables/table_benchmark_grid_k2_k3.csv            25.1 KB
  PRESENT  results/figures/figure_added_value_forest_ari.png        42 KB
  batch checkpoint files on disk: 16

  If a TABLE is MISSING but the .rds is PRESENT, no computation was
  lost -- the table rebuilds from the .rds in seconds.
==================================================


✓ 07_benchmark_models.R complete.
==== 07_benchmark_models finished: 2026-08-15 04:58:04.590555 ====
