==== 10_survival_analysis started: 2026-07-12 00:45:42.391219 ====
Pipeline seed: 20240601 
days_to_death: coerced to numeric. 933 value(s) became NA (non-numeric-parseable strings).
days_to_last_followup: coerced to numeric. 104 value(s) became NA (non-numeric-parseable strings).

========== Survival analysis at k = 2 ==========
Excluded for missing/unresolvable survival time: 15  ( 1095 samples -> 1080 with valid survival data)
N with valid survival data: 1080 
Cluster levels present: SNF_C1, SNF_C2 
Log-rank p-value: 0.9491 
Ignoring unknown labels:
• colour : "Cluster"
KM figure k= 2 saved, size: 163046 bytes
KM figure k= 2 saved, size: 163046 bytes
Univariable Cox N =1080  Multivariable Cox N =1055 (25 excluded due to missing age/stage)

Proportional-hazards test (univariable Cox):
            chisq df     p
SNF_cluster  6.35  1 0.012
GLOBAL       6.35  1 0.012

Proportional-hazards test (multivariable Cox):
                         chisq df      p
droplevels(SNF_cluster)  3.775  1 0.0520
age_years                0.123  1 0.7262
stage_simple            11.444  3 0.0096
GLOBAL                  18.896  5 0.0020

RMST pairwise comparisons (tau=5y, FDR-corrected within this k):
# A tibble: 1 × 7
      k comparison          rmst_diff rmst_diff_lower rmst_diff_upper rmst_diff_p rmst_diff_FDR
  <dbl> <chr>                   <dbl>           <dbl>           <dbl>       <dbl>         <dbl>
1     2 SNF_C2_minus_SNF_C1    -0.177          -0.361         0.00728      0.0598        0.0598

========== Survival analysis at k = 3 ==========
Excluded for missing/unresolvable survival time: 15  ( 1095 samples -> 1080 with valid survival data)
N with valid survival data: 1080 
Cluster levels present: SNF_C1, SNF_C2, SNF_C3 
Log-rank p-value: 0.3678 
Ignoring unknown labels:
• colour : "Cluster"
KM figure k= 3 saved, size: 181098 bytes
KM figure k= 3 saved, size: 181098 bytes
Univariable Cox N =1080  Multivariable Cox N =1055 (25 excluded due to missing age/stage)

Proportional-hazards test (univariable Cox):
            chisq df      p
SNF_cluster  9.82  2 0.0074
GLOBAL       9.82  2 0.0074

Proportional-hazards test (multivariable Cox):
                          chisq df      p
droplevels(SNF_cluster)  4.8487  2 0.0885
age_years                0.0979  1 0.7544
stage_simple            11.6129  3 0.0088
GLOBAL                  19.4732  6 0.0034

RMST pairwise comparisons (tau=5y, FDR-corrected within this k):
# A tibble: 3 × 7
      k comparison          rmst_diff rmst_diff_lower rmst_diff_upper rmst_diff_p rmst_diff_FDR
  <dbl> <chr>                   <dbl>           <dbl>           <dbl>       <dbl>         <dbl>
1     3 SNF_C2_minus_SNF_C1    0.132          -0.0283          0.293       0.107         0.160 
2     3 SNF_C3_minus_SNF_C1   -0.0918         -0.299           0.116       0.387         0.387 
3     3 SNF_C3_minus_SNF_C2   -0.224          -0.421          -0.0266      0.0262        0.0785


Log-rank summary (k=2 vs k=3):
# A tibble: 2 × 2
      k logrank_p
  <dbl>     <dbl>
1     2     0.949
2     3     0.368

✓ 10_survival_analysis.R complete. PH diagnostics + FDR-corrected RMST saved.
==== 10_survival_analysis finished: 2026-07-12 00:46:07.710671 ====
